All contexts verified!
Wrote 16 items to golden_dataset.json
