# » HỌC BỔNG SAU ĐẠI HỌC áp dụng từ năm học 2022-2023

**Source:** N/A
**Crawled:** 2026-08-04T10:40:17
**Type:** news

---

[Đại học Bách Khoa Hà Nội](https://www.hust.edu.vn)

[![Khoa Toán - Tin - Faculty of Mathematics and Informatics](https://fami.hust.edu.vn/wp-content/uploads/FaMI_HUST_branding_2024-NEW-VN.svg)](https://fami.hust.edu.vn/)

* [![](https://fami.hust.edu.vn//wp-content/plugins/samiweb/img/xEn.jpg) English](/en)

Toggle navigation

* Giới thiệu
  + [Giới thiệu chung](https://f